// Jest Snapshot v1, https://goo.gl/fbAQLP

exports[`Header2 renders correctly 1`] = `
<header
  className="header"
>
  <div
    className="headerContainer"
  >
    <div
      className="callBar"
      data-testid="callBar"
    >
      <a
        data-testid="callBarNum"
        href="tel:3034216499"
      >
        â˜Ž Call or Text
         
        (303)421-6499
      </a>
    </div>
    <div
      className="branding"
      data-testid="bizName"
    >
      <a
        href="/"
      >
        <span
          className="highlight"
          id="highlight"
        >
          FixNcell
           
        </span>
        <span
          className="white"
        >
          iPhone Repair
        </span>
      </a>
    </div>
    <div
      className="navigation"
    >
      <nav>
        <ul>
          <li>
            <a
              data-testid="homeLink"
              href="/"
              style={
                Object {
                  "color": "white",
                }
              }
            >
              Home
            </a>
          </li>
          <li>
            <a
              data-testid="aboutLink"
              href="/about"
              style={
                Object {
                  "color": "black",
                }
              }
            >
              About
            </a>
          </li>
          <li>
            <a
              data-testid="repairsLink"
              href="/iphone-repair"
              style={
                Object {
                  "color": "black",
                }
              }
            >
              Repairs
            </a>
          </li>
          <li>
            <a
              data-testid="contactLink"
              href="/contact"
              style={
                Object {
                  "color": "black",
                }
              }
            >
              Contact Us
            </a>
          </li>
        </ul>
      </nav>
    </div>
  </div>
</header>
`;
