// Jest Snapshot v1, https://goo.gl/fbAQLP

exports[`EmailButton renders correctly 1`] = `
<button
  className="contactButton"
  type="button"
>
  <a
    data-testid="emailButtonA"
    href="mailto:fixncellllc@gmail.com"
  >
    <img
      alt="email icon"
      src=""
    />
    <br />
    Email Us
  </a>
</button>
`;
